
> react-example@0.0.0 test
> jest

node.exe : PASS __tests__/crypto.test.js
Au caractère Ligne:1 : 1
+ & "C:\Program Files\nodejs/node.exe" "C:\Program Files\nodejs/node_mo ...
+ ~~~~~~~~~~~~~~~~~~~~~~~~~~~~~~~~~~~~~~~~~~~~~~~~~~~~~~~~~~~~~~~~~~~~~
    + CategoryInfo          : NotSpecified: (PASS __tests__/crypto.test.js:String) [], RemoteException
    + FullyQualifiedErrorId : NativeCommandError
 
  Crypto Module
    ÔêÜ simpleHash returns a hash string (17 ms)
    ÔêÜ simpleHash returns different hashes for different inputs
    ÔêÜ simpleHash returns same hash for same input (1 ms)
    ÔêÜ generateToken creates a random token (2 ms)

  console.log
    [Firebase Sync] D├®but de l'enregistrement de ka_farm_users (0 ├®l├®ments) dans la collection Firestore 'users'...

      at log (js/firebase.js:86:15)

  console.log
    [Firebase Sync] D├®but de l'enregistrement de ka_farm_users (0 ├®l├®ments) dans la collection Firestore 'users'...

      at log (js/firebase.js:86:15)

  console.log
    [Firebase Sync] D├®but de l'enregistrement de ka_farm_crops (4 ├®l├®ments) dans la collection Firestore 'ka_farm_crops'...

      at log (js/firebase.js:86:15)

  console.log
    [Firebase Sync] D├®but de l'enregistrement de ka_farm_nurseries (2 ├®l├®ments) dans la collection Firestore 'ka_farm_nurseries'...

      at log (js/firebase.js:86:15)

  console.log
    [Firebase Sync] D├®but de l'enregistrement de ka_farm_crops (4 ├®l├®ments) dans la collection Firestore 'ka_farm_crops'...

      at log (js/firebase.js:86:15)

  console.log
    [Firebase Sync] D├®but de l'enregistrement de ka_farm_stocks (5 ├®l├®ments) dans la collection Firestore 'ka_farm_stocks'...

      at log (js/firebase.js:86:15)

  console.log
    [Firebase Sync] D├®but de l'enregistrement de ka_farm_tasks (4 ├®l├®ments) dans la collection Firestore 'ka_farm_tasks'...

      at log (js/firebase.js:86:15)

  console.log
    [Firebase Sync] D├®but de l'enregistrement de ka_farm_finances (12 ├®l├®ments) dans la collection Firestore 'ka_farm_finances'...

      at log (js/firebase.js:86:15)

  console.log
    [Firebase Sync] D├®but de l'enregistrement de ka_farm_nurseries (2 ├®l├®ments) dans la collection Firestore 'ka_farm_nurseries'...

      at log (js/firebase.js:86:15)

  console.log
    [Firebase Sync] D├®but de l'enregistrement de ka_farm_parcelles (5 ├®l├®ments) dans la collection Firestore 'ka_farm_parcelles'...

      at log (js/firebase.js:86:15)

  console.log
    [Firebase Sync] D├®but de l'enregistrement de ka_farm_employees (5 ├®l├®ments) dans la collection Firestore 'ka_farm_employees'...

      at log (js/firebase.js:86:15)

  console.log
    [Firebase Sync] D├®but de l'enregistrement de ka_farm_stocks (5 ├®l├®ments) dans la collection Firestore 'ka_farm_stocks'...

      at log (js/firebase.js:86:15)

  console.log
    [Firebase Sync] D├®but de l'enregistrement de ka_farm_attendance (10 ├®l├®ments) dans la collection Firestore 'ka_farm_attendance'...

      at log (js/firebase.js:86:15)

  console.log
    [Firebase Sync] D├®but de l'enregistrement de ka_farm_tasks (4 ├®l├®ments) dans la collection Firestore 'ka_farm_tasks'...

      at log (js/firebase.js:86:15)

  console.log
    [Firebase Sync] D├®but de l'enregistrement de ka_farm_employee_payments (4 ├®l├®ments) dans la collection Firestore 'ka_farm_employee_payments'...

      at log (js/firebase.js:86:15)

  console.log
    [Firebase Sync] D├®but de l'enregistrement de ka_farm_finances (12 ├®l├®ments) dans la collection Firestore 'ka_farm_finances'...

      at log (js/firebase.js:86:15)

  console.log
    [Firebase Sync] D├®but de l'enregistrement de ka_farm_cheptel (3 ├®l├®ments) dans la collection Firestore 'ka_farm_cheptel'...

      at log (js/firebase.js:86:15)

  console.log
    [Firebase Sync] D├®but de l'enregistrement de ka_farm_parcelles (5 ├®l├®ments) dans la collection Firestore 'ka_farm_parcelles'...

      at log (js/firebase.js:86:15)

  console.log
    [Firebase Sync] D├®but de l'enregistrement de ka_farm_elevage_production (4 ├®l├®ments) dans la collection Firestore 'ka_farm_elevage_production'...

      at log (js/firebase.js:86:15)

  console.log
    [Firebase Sync] D├®but de l'enregistrement de ka_farm_employees (5 ├®l├®ments) dans la collection Firestore 'ka_farm_employees'...

      at log (js/firebase.js:86:15)

  console.log
    [Firebase Sync] D├®but de l'enregistrement de ka_farm_elevage_health (2 ├®l├®ments) dans la collection Firestore 'ka_farm_elevage_health'...

      at log (js/firebase.js:86:15)

  console.log
    [Firebase Sync] D├®but de l'enregistrement de ka_farm_attendance (10 ├®l├®ments) dans la collection Firestore 'ka_farm_attendance'...

      at log (js/firebase.js:86:15)

  console.log
    [Firebase Sync] D├®but de l'enregistrement de ka_farm_employee_payments (4 ├®l├®ments) dans la collection Firestore 'ka_farm_employee_payments'...

      at log (js/firebase.js:86:15)

  console.log
    [Firebase Sync] Initialisation de la synchronisation en temps r├®el (vrais documents)...

      at log (js/firebase.js:114:13)

  console.log
    [Firebase Sync] D├®but de l'enregistrement de ka_farm_cheptel (3 ├®l├®ments) dans la collection Firestore 'ka_farm_cheptel'...

      at log (js/firebase.js:86:15)

  console.log
    [Firebase Sync] D├®but de l'enregistrement de ka_farm_elevage_production (4 ├®l├®ments) dans la collection Firestore 'ka_farm_elevage_production'...

      at log (js/firebase.js:86:15)

  console.log
    [Firebase Sync] D├®but de l'enregistrement de ka_farm_elevage_health (2 ├®l├®ments) dans la collection Firestore 'ka_farm_elevage_health'...

      at log (js/firebase.js:86:15)

  console.log
    [Firebase Sync] Initialisation de la synchronisation en temps r├®el (vrais documents)...

      at log (js/firebase.js:114:13)

  console.log
    [Firebase Sync] D├®but de l'enregistrement de ka_farm_crops (1 ├®l├®ments) dans la collection Firestore 'ka_farm_crops'...

      at log (js/firebase.js:86:15)

  console.log
    [Firebase Sync] D├®but de l'enregistrement de ka_farm_parcelles (1 ├®l├®ments) dans la collection Firestore 'ka_farm_parcelles'...

      at log (js/firebase.js:86:15)

  console.log
    [Firebase Sync] D├®but de l'enregistrement de ka_farm_finances (1 ├®l├®ments) dans la collection Firestore 'ka_farm_finances'...

      at log (js/firebase.js:86:15)

  console.log
    [Firebase Sync] D├®but de l'enregistrement de ka_farm_finances (3 ├®l├®ments) dans la collection Firestore 'ka_farm_finances'...

      at log (js/firebase.js:86:15)

  console.log
    [Firebase Sync] D├®but de l'enregistrement de ka_farm_employees (1 ├®l├®ments) dans la collection Firestore 'ka_farm_employees'...

      at log (js/firebase.js:86:15)

  console.log
    [Firebase Sync] D├®but de l'enregistrement de ka_farm_tasks (1 ├®l├®ments) dans la collection Firestore 'ka_farm_tasks'...

      at log (js/firebase.js:86:15)

FAIL __tests__/app.test.js
  KAStorage
    ÔêÜ devrait initialiser le storage (189 ms)
    ÔêÜ devrait stocker et r├®cup├®rer des donn├®es (4 ms)
    ÔêÜ devrait retourner une valeur par d├®faut si la cl├® n'existe pas (1 ms)
    ├ù devrait supprimer une cl├® (4 ms)
  UserManager
    ÔêÜ devrait retourner les r├┤les disponibles (1 ms)
    ÔêÜ devrait v├®rifier si l'utilisateur est connect├®
    ÔêÜ devrait r├®cup├®rer l'utilisateur courant (1 ms)
  Validators
    ÔêÜ devrait valider un email (1 ms)
    ÔêÜ devrait valider un num├®ro de t├®l├®phone s├®n├®galais (5 ms)

  ÔùÅ KAStorage ÔÇ║ devrait supprimer une cl├®

    expect(received).toBeNull()

    Received: undefined

    [0m [90m 45 |[39m     localStorage[33m.[39mremoveItem(scopedKey)[33m;[39m
     [90m 46 |[39m     [36mconst[39m retrieved [33m=[39m [33mKAStorage[39m[33m.[39m[36mget[39m(testKey)[33m;[39m
    [31m[1m>[22m[39m[90m 47 |[39m     expect(retrieved)[33m.[39mtoBeNull()[33m;[39m
     [90m    |[39m                       [31m[1m^[22m[39m
     [90m 48 |[39m   })[33m;[39m
     [90m 49 |[39m })[33m;[39m
     [90m 50 |[39m[0m

      at Object.toBeNull (__tests__/app.test.js:47:23)

PASS __tests__/storage.test.js
  KAStorage Module
    ÔêÜ getCrops returns default crops when initialized (211 ms)
    ÔêÜ saveCrops and getCrops work correctly (6 ms)
    ÔêÜ getParcelles returns default parcelles when initialized (1 ms)
    ÔêÜ saveParcelles and getParcelles work correctly (13 ms)
    ÔêÜ getFinances returns default finances when initialized (1 ms)
    ÔêÜ saveFinances and getFinances work correctly (7 ms)
    ÔêÜ getFinanceStats calculates totals correctly (7 ms)
    ÔêÜ getEmployees returns default employees when initialized (1 ms)
    ÔêÜ saveEmployees and getEmployees work correctly (11 ms)
    ÔêÜ getTasks returns default tasks when initialized (24 ms)
    ÔêÜ saveTasks and getTasks work correctly (17 ms)

  console.error
    [ERROR] Firestore read error for crops: Database not initialized { error: 'Database not initialized' }

    [0m [90m 23 |[39m       console[33m.[39merror([32m`[ERROR] ${message}:`[39m[33m,[39m meta)[33m;[39m
     [90m 24 |[39m     } [36melse[39m {
    [31m[1m>[22m[39m[90m 25 |[39m       console[33m.[39merror([32m`%c[ERROR] ${message}: ${errorStr}`[39m[33m,[39m [32m'color: #EF4444; font-weight: bold;'[39m[33m,[39m meta)[33m;[39m
     [90m    |[39m               [31m[1m^[22m[39m
     [90m 26 |[39m     }
     [90m 27 |[39m     
     [90m 28 |[39m     [90m// Store in localStorage for persistence[39m[0m

      at Object.error (js/modules/logger.js:25:15)
      at error (api/index.js:196:12)
      at Generator.call (api/index.js:2:1)
      at Generator._invoke [as next] (api/index.js:2:1)
      at asyncGeneratorStep (api/index.js:2:1)
      at asyncGeneratorStep (api/index.js:2:1)
      at _next (api/index.js:2:1)
      at api/index.js:2:1
      at apply (api/index.js:199:2)
      at apply (api/index.js:187:33)
      at syncWithFirestore (api/index.js:214:65)
      at Generator.call (api/index.js:2:1)
      at Generator._invoke [as next] (api/index.js:2:1)
      at asyncGeneratorStep (api/index.js:2:1)
      at asyncGeneratorStep (api/index.js:2:1)
      at _next (api/index.js:2:1)
      at api/index.js:2:1
      at fn (js/modules/cache.js:93:26)
      at Generator.call (js/modules/cache.js:2:1)
      at Generator._invoke [as next] (js/modules/cache.js:2:1)
      at asyncGeneratorStep (js/modules/cache.js:2:1)
      at asyncGeneratorStep (js/modules/cache.js:2:1)

  console.error
    [ERROR] Firestore write error for crops: Database not initialized { error: 'Database not initialized' }

    [0m [90m 23 |[39m       console[33m.[39merror([32m`[ERROR] ${message}:`[39m[33m,[39m meta)[33m;[39m
     [90m 24 |[39m     } [36melse[39m {
    [31m[1m>[22m[39m[90m 25 |[39m       console[33m.[39merror([32m`%c[ERROR] ${message}: ${errorStr}`[39m[33m,[39m [32m'color: #EF4444; font-weight: bold;'[39m[33m,[39m meta)[33m;[39m
     [90m    |[39m               [31m[1m^[22m[39m
     [90m 26 |[39m     }
     [90m 27 |[39m     
     [90m 28 |[39m     [90m// Store in localStorage for persistence[39m[0m

      at Object.error (js/modules/logger.js:25:15)
      at error (api/index.js:207:12)
      at Generator.call (api/index.js:2:1)
      at Generator._invoke [as next] (api/index.js:2:1)
      at asyncGeneratorStep (api/index.js:2:1)
      at asyncGeneratorStep (api/index.js:2:1)
      at _next (api/index.js:2:1)
      at api/index.js:2:1
      at apply (api/index.js:210:2)
      at apply (api/index.js:201:31)
      at saveToFirestore (api/index.js:229:11)
      at Generator.call (api/index.js:2:1)
      at Generator._invoke [as next] (api/index.js:2:1)
      at asyncGeneratorStep (api/index.js:2:1)
      at asyncGeneratorStep (api/index.js:2:1)

  console.error
    [ERROR] Error saving crop: [
      {
        "code": "invalid_type",
        "expected": "string",
        "received": "undefined",
        "path": [
          "id"
        ],
        "message": "Required"
      }
    ] {
      error: '[\n' +
        '  {\n' +
        '    "code": "invalid_type",\n' +
        '    "expected": "string",\n' +
        '    "received": "undefined",\n' +
        '    "path": [\n' +
        '      "id"\n' +
        '    ],\n' +
        '    "message": "Required"\n' +
        '  }\n' +
        ']'
    }

    [0m [90m 23 |[39m       console[33m.[39merror([32m`[ERROR] ${message}:`[39m[33m,[39m meta)[33m;[39m
     [90m 24 |[39m     } [36melse[39m {
    [31m[1m>[22m[39m[90m 25 |[39m       console[33m.[39merror([32m`%c[ERROR] ${message}: ${errorStr}`[39m[33m,[39m [32m'color: #EF4444; font-weight: bold;'[39m[33m,[39m meta)[33m;[39m
     [90m    |[39m               [31m[1m^[22m[39m
     [90m 26 |[39m     }
     [90m 27 |[39m     
     [90m 28 |[39m     [90m// Store in localStorage for persistence[39m[0m

      at Object.error (js/modules/logger.js:25:15)
      at error (api/index.js:232:12)
      at Generator.call (api/index.js:2:1)
      at Generator._invoke [as next] (api/index.js:2:1)
      at asyncGeneratorStep (api/index.js:2:1)
      at asyncGeneratorStep (api/index.js:2:1)
      at _next (api/index.js:2:1)
      at api/index.js:2:1
      at apply (api/index.js:235:2)
      at Layer.handle [as handle_request] (node_modules/express/lib/router/layer.js:95:5)
      at next (node_modules/express/lib/router/route.js:149:13)
      at Route.dispatch (node_modules/express/lib/router/route.js:119:3)
      at Layer.handle [as handle_request] (node_modules/express/lib/router/layer.js:95:5)
      at node_modules/express/lib/router/index.js:284:15
      at router.process_params (node_modules/express/lib/router/index.js:346:12)
      at next (node_modules/express/lib/router/index.js:280:10)
      at node_modules/express-rate-limit/dist/index.cjs:999:7
      at node_modules/express-rate-limit/dist/index.cjs:854:5

  console.error
    [ERROR] Error saving crop: [
      {
        "code": "too_small",
        "minimum": 1,
        "type": "string",
        "inclusive": true,
        "exact": false,
        "message": "Nom requis",
        "path": [
          "name"
        ]
      }
    ] {
      error: '[\n' +
        '  {\n' +
        '    "code": "too_small",\n' +
        '    "minimum": 1,\n' +
        '    "type": "string",\n' +
        '    "inclusive": true,\n' +
        '    "exact": false,\n' +
        '    "message": "Nom requis",\n' +
        '    "path": [\n' +
        '      "name"\n' +
        '    ]\n' +
        '  }\n' +
        ']'
    }

    [0m [90m 23 |[39m       console[33m.[39merror([32m`[ERROR] ${message}:`[39m[33m,[39m meta)[33m;[39m
     [90m 24 |[39m     } [36melse[39m {
    [31m[1m>[22m[39m[90m 25 |[39m       console[33m.[39merror([32m`%c[ERROR] ${message}: ${errorStr}`[39m[33m,[39m [32m'color: #EF4444; font-weight: bold;'[39m[33m,[39m meta)[33m;[39m
     [90m    |[39m               [31m[1m^[22m[39m
     [90m 26 |[39m     }
     [90m 27 |[39m     
     [90m 28 |[39m     [90m// Store in localStorage for persistence[39m[0m

      at Object.error (js/modules/logger.js:25:15)
      at error (api/index.js:232:12)
      at Generator.call (api/index.js:2:1)
      at Generator._invoke [as next] (api/index.js:2:1)
      at asyncGeneratorStep (api/index.js:2:1)
      at asyncGeneratorStep (api/index.js:2:1)
      at _next (api/index.js:2:1)
      at api/index.js:2:1
      at apply (api/index.js:235:2)
      at Layer.handle [as handle_request] (node_modules/express/lib/router/layer.js:95:5)
      at next (node_modules/express/lib/router/route.js:149:13)
      at Route.dispatch (node_modules/express/lib/router/route.js:119:3)
      at Layer.handle [as handle_request] (node_modules/express/lib/router/layer.js:95:5)
      at node_modules/express/lib/router/index.js:284:15
      at router.process_params (node_modules/express/lib/router/index.js:346:12)
      at next (node_modules/express/lib/router/index.js:280:10)
      at node_modules/express-rate-limit/dist/index.cjs:999:7
      at node_modules/express-rate-limit/dist/index.cjs:854:5

  console.error
    [ERROR] Firestore write error for crops: Database not initialized { error: 'Database not initialized' }

    [0m [90m 23 |[39m       console[33m.[39merror([32m`[ERROR] ${message}:`[39m[33m,[39m meta)[33m;[39m
     [90m 24 |[39m     } [36melse[39m {
    [31m[1m>[22m[39m[90m 25 |[39m       console[33m.[39merror([32m`%c[ERROR] ${message}: ${errorStr}`[39m[33m,[39m [32m'color: #EF4444; font-weight: bold;'[39m[33m,[39m meta)[33m;[39m
     [90m    |[39m               [31m[1m^[22m[39m
     [90m 26 |[39m     }
     [90m 27 |[39m     
     [90m 28 |[39m     [90m// Store in localStorage for persistence[39m[0m

      at Object.error (js/modules/logger.js:25:15)
      at error (api/index.js:207:12)
      at Generator.call (api/index.js:2:1)
      at Generator._invoke [as next] (api/index.js:2:1)
      at asyncGeneratorStep (api/index.js:2:1)
      at asyncGeneratorStep (api/index.js:2:1)
      at _next (api/index.js:2:1)
      at api/index.js:2:1
      at apply (api/index.js:201:31)
      at saveToFirestore (api/index.js:244:11)
      at Generator.call (api/index.js:2:1)
      at Generator._invoke [as next] (api/index.js:2:1)
      at asyncGeneratorStep (api/index.js:2:1)
      at asyncGeneratorStep (api/index.js:2:1)
      at _next (api/index.js:2:1)
      at api/index.js:2:1
      at apply (api/index.js:250:2)
      at Layer.handle [as handle_request] (node_modules/express/lib/router/layer.js:95:5)
      at next (node_modules/express/lib/router/route.js:149:13)
      at Route.dispatch (node_modules/express/lib/router/route.js:119:3)
      at Layer.handle [as handle_request] (node_modules/express/lib/router/layer.js:95:5)
      at node_modules/express/lib/router/index.js:284:15
      at param (node_modules/express/lib/router/index.js:365:14)
      at param (node_modules/express/lib/router/index.js:376:14)
      at router.process_params (node_modules/express/lib/router/index.js:421:3)
      at next (node_modules/express/lib/router/index.js:280:10)
      at node_modules/express-rate-limit/dist/index.cjs:999:7
      at node_modules/express-rate-limit/dist/index.cjs:854:5

  console.error
    [ERROR] Firestore write error for crops: Database not initialized { error: 'Database not initialized' }

    [0m [90m 23 |[39m       console[33m.[39merror([32m`[ERROR] ${message}:`[39m[33m,[39m meta)[33m;[39m
     [90m 24 |[39m     } [36melse[39m {
    [31m[1m>[22m[39m[90m 25 |[39m       console[33m.[39merror([32m`%c[ERROR] ${message}: ${errorStr}`[39m[33m,[39m [32m'color: #EF4444; font-weight: bold;'[39m[33m,[39m meta)[33m;[39m
     [90m    |[39m               [31m[1m^[22m[39m
     [90m 26 |[39m     }
     [90m 27 |[39m     
     [90m 28 |[39m     [90m// Store in localStorage for persistence[39m[0m

      at Object.error (js/modules/logger.js:25:15)
      at error (api/index.js:207:12)
      at Generator.call (api/index.js:2:1)
      at Generator._invoke [as next] (api/index.js:2:1)
      at asyncGeneratorStep (api/index.js:2:1)
      at asyncGeneratorStep (api/index.js:2:1)
      at _next (api/index.js:2:1)
      at api/index.js:2:1
      at apply (api/index.js:201:31)
      at saveToFirestore (api/index.js:255:9)
      at Generator.call (api/index.js:2:1)
      at Generator._invoke [as next] (api/index.js:2:1)
      at asyncGeneratorStep (api/index.js:2:1)
      at asyncGeneratorStep (api/index.js:2:1)
      at _next (api/index.js:2:1)
      at api/index.js:2:1
      at apply (api/index.js:257:2)
      at Layer.handle [as handle_request] (node_modules/express/lib/router/layer.js:95:5)
      at next (node_modules/express/lib/router/route.js:149:13)
      at Route.dispatch (node_modules/express/lib/router/route.js:119:3)
      at Layer.handle [as handle_request] (node_modules/express/lib/router/layer.js:95:5)
      at node_modules/express/lib/router/index.js:284:15
      at param (node_modules/express/lib/router/index.js:365:14)
      at param (node_modules/express/lib/router/index.js:376:14)
      at router.process_params (node_modules/express/lib/router/index.js:421:3)
      at next (node_modules/express/lib/router/index.js:280:10)
      at node_modules/express-rate-limit/dist/index.cjs:999:7
      at node_modules/express-rate-limit/dist/index.cjs:854:5

  console.error
    [ERROR] Firestore write error for crops: Database not initialized { error: 'Database not initialized' }

    [0m [90m 23 |[39m       console[33m.[39merror([32m`[ERROR] ${message}:`[39m[33m,[39m meta)[33m;[39m
     [90m 24 |[39m     } [36melse[39m {
    [31m[1m>[22m[39m[90m 25 |[39m       console[33m.[39merror([32m`%c[ERROR] ${message}: ${errorStr}`[39m[33m,[39m [32m'color: #EF4444; font-weight: bold;'[39m[33m,[39m meta)[33m;[39m
     [90m    |[39m               [31m[1m^[22m[39m
     [90m 26 |[39m     }
     [90m 27 |[39m     
     [90m 28 |[39m     [90m// Store in localStorage for persistence[39m[0m

      at Object.error (js/modules/logger.js:25:15)
      at error (api/index.js:207:12)
      at Generator.call (api/index.js:2:1)
      at Generator._invoke [as next] (api/index.js:2:1)
      at asyncGeneratorStep (api/index.js:2:1)
      at asyncGeneratorStep (api/index.js:2:1)
      at _next (api/index.js:2:1)
      at api/index.js:2:1
      at apply (api/index.js:201:31)
      at saveToFirestore (api/index.js:255:9)
      at Generator.call (api/index.js:2:1)
      at Generator._invoke [as next] (api/index.js:2:1)
      at asyncGeneratorStep (api/index.js:2:1)
      at asyncGeneratorStep (api/index.js:2:1)
      at _next (api/index.js:2:1)
      at api/index.js:2:1
      at apply (api/index.js:257:2)
      at Layer.handle [as handle_request] (node_modules/express/lib/router/layer.js:95:5)
      at next (node_modules/express/lib/router/route.js:149:13)
      at Route.dispatch (node_modules/express/lib/router/route.js:119:3)
      at Layer.handle [as handle_request] (node_modules/express/lib/router/layer.js:95:5)
      at node_modules/express/lib/router/index.js:284:15
      at param (node_modules/express/lib/router/index.js:365:14)
      at param (node_modules/express/lib/router/index.js:376:14)
      at router.process_params (node_modules/express/lib/router/index.js:421:3)
      at next (node_modules/express/lib/router/index.js:280:10)
      at node_modules/express-rate-limit/dist/index.cjs:999:7
      at node_modules/express-rate-limit/dist/index.cjs:854:5

  console.error
    [ERROR] Firestore read error for parcelles: Database not initialized { error: 'Database not initialized' }

    [0m [90m 23 |[39m       console[33m.[39merror([32m`[ERROR] ${message}:`[39m[33m,[39m meta)[33m;[39m
     [90m 24 |[39m     } [36melse[39m {
    [31m[1m>[22m[39m[90m 25 |[39m       console[33m.[39merror([32m`%c[ERROR] ${message}: ${errorStr}`[39m[33m,[39m [32m'color: #EF4444; font-weight: bold;'[39m[33m,[39m meta)[33m;[39m
     [90m    |[39m               [31m[1m^[22m[39m
     [90m 26 |[39m     }
     [90m 27 |[39m     
     [90m 28 |[39m     [90m// Store in localStorage for persistence[39m[0m

      at Object.error (js/modules/logger.js:25:15)
      at error (api/index.js:196:12)
      at Generator.call (api/index.js:2:1)
      at Generator._invoke [as next] (api/index.js:2:1)
      at asyncGeneratorStep (api/index.js:2:1)
      at asyncGeneratorStep (api/index.js:2:1)
      at _next (api/index.js:2:1)
      at api/index.js:2:1
      at apply (api/index.js:187:33)
      at syncWithFirestore (api/index.js:261:69)
      at Generator.call (api/index.js:2:1)
      at Generator._invoke [as next] (api/index.js:2:1)
      at asyncGeneratorStep (api/index.js:2:1)
      at asyncGeneratorStep (api/index.js:2:1)
      at _next (api/index.js:2:1)
      at api/index.js:2:1
      at fn (js/modules/cache.js:93:26)
      at Generator.call (js/modules/cache.js:2:1)
      at Generator._invoke [as next] (js/modules/cache.js:2:1)
      at asyncGeneratorStep (js/modules/cache.js:2:1)
      at asyncGeneratorStep (js/modules/cache.js:2:1)

  console.error
    [ERROR] Firestore write error for parcelles: Database not initialized { error: 'Database not initialized' }

    [0m [90m 23 |[39m       console[33m.[39merror([32m`[ERROR] ${message}:`[39m[33m,[39m meta)[33m;[39m
     [90m 24 |[39m     } [36melse[39m {
    [31m[1m>[22m[39m[90m 25 |[39m       console[33m.[39merror([32m`%c[ERROR] ${message}: ${errorStr}`[39m[33m,[39m [32m'color: #EF4444; font-weight: bold;'[39m[33m,[39m meta)[33m;[39m
     [90m    |[39m               [31m[1m^[22m[39m
     [90m 26 |[39m     }
     [90m 27 |[39m     
     [90m 28 |[39m     [90m// Store in localStorage for persistence[39m[0m

      at Object.error (js/modules/logger.js:25:15)
      at error (api/index.js:207:12)
      at Generator.call (api/index.js:2:1)
      at Generator._invoke [as next] (api/index.js:2:1)
      at asyncGeneratorStep (api/index.js:2:1)
      at asyncGeneratorStep (api/index.js:2:1)
      at _next (api/index.js:2:1)
      at api/index.js:2:1
      at apply (api/index.js:201:31)
      at saveToFirestore (api/index.js:276:11)
      at Generator.call (api/index.js:2:1)
      at Generator._invoke [as next] (api/index.js:2:1)
      at asyncGeneratorStep (api/index.js:2:1)
      at asyncGeneratorStep (api/index.js:2:1)

  console.error
    [ERROR] Error saving parcelle: [
      {
        "code": "invalid_type",
        "expected": "string",
        "received": "undefined",
        "path": [
          "name"
        ],
        "message": "Required"
      }
    ] {
      error: '[\n' +
        '  {\n' +
        '    "code": "invalid_type",\n' +
        '    "expected": "string",\n' +
        '    "received": "undefined",\n' +
        '    "path": [\n' +
        '      "name"\n' +
        '    ],\n' +
        '    "message": "Required"\n' +
        '  }\n' +
        ']'
    }

    [0m [90m 23 |[39m       console[33m.[39merror([32m`[ERROR] ${message}:`[39m[33m,[39m meta)[33m;[39m
     [90m 24 |[39m     } [36melse[39m {
    [31m[1m>[22m[39m[90m 25 |[39m       console[33m.[39merror([32m`%c[ERROR] ${message}: ${errorStr}`[39m[33m,[39m [32m'color: #EF4444; font-weight: bold;'[39m[33m,[39m meta)[33m;[39m
     [90m    |[39m               [31m[1m^[22m[39m
     [90m 26 |[39m     }
     [90m 27 |[39m     
     [90m 28 |[39m     [90m// Store in localStorage for persistence[39m[0m

      at Object.error (js/modules/logger.js:25:15)
      at error (api/index.js:279:12)
      at Generator.call (api/index.js:2:1)
      at Generator._invoke [as next] (api/index.js:2:1)
      at asyncGeneratorStep (api/index.js:2:1)
      at asyncGeneratorStep (api/index.js:2:1)
      at _next (api/index.js:2:1)
      at api/index.js:2:1
      at apply (api/index.js:282:2)
      at Layer.handle [as handle_request] (node_modules/express/lib/router/layer.js:95:5)
      at next (node_modules/express/lib/router/route.js:149:13)
      at Route.dispatch (node_modules/express/lib/router/route.js:119:3)
      at Layer.handle [as handle_request] (node_modules/express/lib/router/layer.js:95:5)
      at node_modules/express/lib/router/index.js:284:15
      at router.process_params (node_modules/express/lib/router/index.js:346:12)
      at next (node_modules/express/lib/router/index.js:280:10)
      at node_modules/express-rate-limit/dist/index.cjs:999:7
      at node_modules/express-rate-limit/dist/index.cjs:854:5

  console.error
    [ERROR] Firestore read error for employees: Database not initialized { error: 'Database not initialized' }

    [0m [90m 23 |[39m       console[33m.[39merror([32m`[ERROR] ${message}:`[39m[33m,[39m meta)[33m;[39m
     [90m 24 |[39m     } [36melse[39m {
    [31m[1m>[22m[39m[90m 25 |[39m       console[33m.[39merror([32m`%c[ERROR] ${message}: ${errorStr}`[39m[33m,[39m [32m'color: #EF4444; font-weight: bold;'[39m[33m,[39m meta)[33m;[39m
     [90m    |[39m               [31m[1m^[22m[39m
     [90m 26 |[39m     }
     [90m 27 |[39m     
     [90m 28 |[39m     [90m// Store in localStorage for persistence[39m[0m

      at Object.error (js/modules/logger.js:25:15)
      at error (api/index.js:196:12)
      at Generator.call (api/index.js:2:1)
      at Generator._invoke [as next] (api/index.js:2:1)
      at asyncGeneratorStep (api/index.js:2:1)
      at asyncGeneratorStep (api/index.js:2:1)
      at _next (api/index.js:2:1)
      at api/index.js:2:1
      at apply (api/index.js:187:33)
      at syncWithFirestore (api/index.js:385:69)
      at Generator.call (api/index.js:2:1)
      at Generator._invoke [as next] (api/index.js:2:1)
      at asyncGeneratorStep (api/index.js:2:1)
      at asyncGeneratorStep (api/index.js:2:1)
      at _next (api/index.js:2:1)
      at api/index.js:2:1
      at fn (js/modules/cache.js:93:26)
      at Generator.call (js/modules/cache.js:2:1)
      at Generator._invoke [as next] (js/modules/cache.js:2:1)
      at asyncGeneratorStep (js/modules/cache.js:2:1)
      at asyncGeneratorStep (js/modules/cache.js:2:1)

  console.error
    [ERROR] Firestore write error for employees: Database not initialized { error: 'Database not initialized' }

    [0m [90m 23 |[39m       console[33m.[39merror([32m`[ERROR] ${message}:`[39m[33m,[39m meta)[33m;[39m
     [90m 24 |[39m     } [36melse[39m {
    [31m[1m>[22m[39m[90m 25 |[39m       console[33m.[39merror([32m`%c[ERROR] ${message}: ${errorStr}`[39m[33m,[39m [32m'color: #EF4444; font-weight: bold;'[39m[33m,[39m meta)[33m;[39m
     [90m    |[39m               [31m[1m^[22m[39m
     [90m 26 |[39m     }
     [90m 27 |[39m     
     [90m 28 |[39m     [90m// Store in localStorage for persistence[39m[0m

      at Object.error (js/modules/logger.js:25:15)
      at error (api/index.js:207:12)
      at Generator.call (api/index.js:2:1)
      at Generator._invoke [as next] (api/index.js:2:1)
      at asyncGeneratorStep (api/index.js:2:1)
      at asyncGeneratorStep (api/index.js:2:1)
      at _next (api/index.js:2:1)
      at api/index.js:2:1
      at apply (api/index.js:201:31)
      at saveToFirestore (api/index.js:399:11)
      at Generator.call (api/index.js:2:1)
      at Generator._invoke [as next] (api/index.js:2:1)
      at asyncGeneratorStep (api/index.js:2:1)
      at asyncGeneratorStep (api/index.js:2:1)
      at _next (api/index.js:2:1)
      at api/index.js:2:1
      at apply (api/index.js:405:2)
      at Layer.handle [as handle_request] (node_modules/express/lib/router/layer.js:95:5)
      at next (node_modules/express/lib/router/route.js:149:13)
      at Route.dispatch (node_modules/express/lib/router/route.js:119:3)
      at Layer.handle [as handle_request] (node_modules/express/lib/router/layer.js:95:5)
      at node_modules/express/lib/router/index.js:284:15
      at router.process_params (node_modules/express/lib/router/index.js:346:12)
      at next (node_modules/express/lib/router/index.js:280:10)
      at node_modules/express-rate-limit/dist/index.cjs:999:7
      at node_modules/express-rate-limit/dist/index.cjs:854:5

  console.error
    [ERROR] Error saving employee: [
      {
        "code": "invalid_type",
        "expected": "string",
        "received": "undefined",
        "path": [
          "name"
        ],
        "message": "Required"
      }
    ] {
      error: '[\n' +
        '  {\n' +
        '    "code": "invalid_type",\n' +
        '    "expected": "string",\n' +
        '    "received": "undefined",\n' +
        '    "path": [\n' +
        '      "name"\n' +
        '    ],\n' +
        '    "message": "Required"\n' +
        '  }\n' +
        ']'
    }

    [0m [90m 23 |[39m       console[33m.[39merror([32m`[ERROR] ${message}:`[39m[33m,[39m meta)[33m;[39m
     [90m 24 |[39m     } [36melse[39m {
    [31m[1m>[22m[39m[90m 25 |[39m       console[33m.[39merror([32m`%c[ERROR] ${message}: ${errorStr}`[39m[33m,[39m [32m'color: #EF4444; font-weight: bold;'[39m[33m,[39m meta)[33m;[39m
     [90m    |[39m               [31m[1m^[22m[39m
     [90m 26 |[39m     }
     [90m 27 |[39m     
     [90m 28 |[39m     [90m// Store in localStorage for persistence[39m[0m

      at Object.error (js/modules/logger.js:25:15)
      at error (api/index.js:402:12)
      at Generator.call (api/index.js:2:1)
      at Generator._invoke [as next] (api/index.js:2:1)
      at asyncGeneratorStep (api/index.js:2:1)
      at asyncGeneratorStep (api/index.js:2:1)
      at _next (api/index.js:2:1)
      at api/index.js:2:1
      at apply (api/index.js:405:2)
      at Layer.handle [as handle_request] (node_modules/express/lib/router/layer.js:95:5)
      at next (node_modules/express/lib/router/route.js:149:13)
      at Route.dispatch (node_modules/express/lib/router/route.js:119:3)
      at Layer.handle [as handle_request] (node_modules/express/lib/router/layer.js:95:5)
      at node_modules/express/lib/router/index.js:284:15
      at router.process_params (node_modules/express/lib/router/index.js:346:12)
      at next (node_modules/express/lib/router/index.js:280:10)
      at node_modules/express-rate-limit/dist/index.cjs:999:7
      at node_modules/express-rate-limit/dist/index.cjs:854:5

  console.error
    [ERROR] Firestore read error for finances: Database not initialized { error: 'Database not initialized' }

    [0m [90m 23 |[39m       console[33m.[39merror([32m`[ERROR] ${message}:`[39m[33m,[39m meta)[33m;[39m
     [90m 24 |[39m     } [36melse[39m {
    [31m[1m>[22m[39m[90m 25 |[39m       console[33m.[39merror([32m`%c[ERROR] ${message}: ${errorStr}`[39m[33m,[39m [32m'color: #EF4444; font-weight: bold;'[39m[33m,[39m meta)[33m;[39m
     [90m    |[39m               [31m[1m^[22m[39m
     [90m 26 |[39m     }
     [90m 27 |[39m     
     [90m 28 |[39m     [90m// Store in localStorage for persistence[39m[0m

      at Object.error (js/modules/logger.js:25:15)
      at error (api/index.js:196:12)
      at Generator.call (api/index.js:2:1)
      at Generator._invoke [as next] (api/index.js:2:1)
      at asyncGeneratorStep (api/index.js:2:1)
      at asyncGeneratorStep (api/index.js:2:1)
      at _next (api/index.js:2:1)
      at api/index.js:2:1
      at apply (api/index.js:187:33)
      at syncWithFirestore (api/index.js:354:68)
      at Generator.call (api/index.js:2:1)
      at Generator._invoke [as next] (api/index.js:2:1)
      at asyncGeneratorStep (api/index.js:2:1)
      at asyncGeneratorStep (api/index.js:2:1)
      at _next (api/index.js:2:1)
      at api/index.js:2:1
      at fn (js/modules/cache.js:93:26)
      at Generator.call (js/modules/cache.js:2:1)
      at Generator._invoke [as next] (js/modules/cache.js:2:1)
      at asyncGeneratorStep (js/modules/cache.js:2:1)
      at asyncGeneratorStep (js/modules/cache.js:2:1)

  console.error
    [ERROR] Firestore write error for finances: Database not initialized { error: 'Database not initialized' }

    [0m [90m 23 |[39m       console[33m.[39merror([32m`[ERROR] ${message}:`[39m[33m,[39m meta)[33m;[39m
     [90m 24 |[39m     } [36melse[39m {
    [31m[1m>[22m[39m[90m 25 |[39m       console[33m.[39merror([32m`%c[ERROR] ${message}: ${errorStr}`[39m[33m,[39m [32m'color: #EF4444; font-weight: bold;'[39m[33m,[39m meta)[33m;[39m
     [90m    |[39m               [31m[1m^[22m[39m
     [90m 26 |[39m     }
     [90m 27 |[39m     
     [90m 28 |[39m     [90m// Store in localStorage for persistence[39m[0m

      at Object.error (js/modules/logger.js:25:15)
      at error (api/index.js:207:12)
      at Generator.call (api/index.js:2:1)
      at Generator._invoke [as next] (api/index.js:2:1)
      at asyncGeneratorStep (api/index.js:2:1)
      at asyncGeneratorStep (api/index.js:2:1)
      at _next (api/index.js:2:1)
      at api/index.js:2:1
      at apply (api/index.js:201:31)
      at saveToFirestore (api/index.js:368:11)
      at Generator.call (api/index.js:2:1)
      at Generator._invoke [as next] (api/index.js:2:1)
      at asyncGeneratorStep (api/index.js:2:1)
      at asyncGeneratorStep (api/index.js:2:1)
      at _next (api/index.js:2:1)
      at api/index.js:2:1
      at apply (api/index.js:374:2)
      at Layer.handle [as handle_request] (node_modules/express/lib/router/layer.js:95:5)
      at next (node_modules/express/lib/router/route.js:149:13)
      at Route.dispatch (node_modules/express/lib/router/route.js:119:3)
      at Layer.handle [as handle_request] (node_modules/express/lib/router/layer.js:95:5)
      at node_modules/express/lib/router/index.js:284:15
      at router.process_params (node_modules/express/lib/router/index.js:346:12)
      at next (node_modules/express/lib/router/index.js:280:10)
      at node_modules/express-rate-limit/dist/index.cjs:999:7
      at node_modules/express-rate-limit/dist/index.cjs:854:5

  console.error
    [ERROR] Error saving finance: [
      {
        "code": "too_small",
        "minimum": 0,
        "type": "number",
        "inclusive": false,
        "exact": false,
        "message": "Montant doit ├¬tre positif",
        "path": [
          "amount"
        ]
      }
    ] {
      error: '[\n' +
        '  {\n' +
        '    "code": "too_small",\n' +
        '    "minimum": 0,\n' +
        '    "type": "number",\n' +
        '    "inclusive": false,\n' +
        '    "exact": false,\n' +
        '    "message": "Montant doit ├¬tre positif",\n' +
        '    "path": [\n' +
        '      "amount"\n' +
        '    ]\n' +
        '  }\n' +
        ']'
    }

    [0m [90m 23 |[39m       console[33m.[39merror([32m`[ERROR] ${message}:`[39m[33m,[39m meta)[33m;[39m
     [90m 24 |[39m     } [36melse[39m {
    [31m[1m>[22m[39m[90m 25 |[39m       console[33m.[39merror([32m`%c[ERROR] ${message}: ${errorStr}`[39m[33m,[39m [32m'color: #EF4444; font-weight: bold;'[39m[33m,[39m meta)[33m;[39m
     [90m    |[39m               [31m[1m^[22m[39m
     [90m 26 |[39m     }
     [90m 27 |[39m     
     [90m 28 |[39m     [90m// Store in localStorage for persistence[39m[0m

      at Object.error (js/modules/logger.js:25:15)
      at error (api/index.js:371:12)
      at Generator.call (api/index.js:2:1)
      at Generator._invoke [as next] (api/index.js:2:1)
      at asyncGeneratorStep (api/index.js:2:1)
      at asyncGeneratorStep (api/index.js:2:1)
      at _next (api/index.js:2:1)
      at api/index.js:2:1
      at apply (api/index.js:374:2)
      at Layer.handle [as handle_request] (node_modules/express/lib/router/layer.js:95:5)
      at next (node_modules/express/lib/router/route.js:149:13)
      at Route.dispatch (node_modules/express/lib/router/route.js:119:3)
PASS __tests__/api.test.js
      at Layer.handle [as handle_request] (node_modules/express/lib/router/layer.js:95:5)
      at node_modules/express/lib/router/index.js:284:15
      at router.process_params (node_modules/express/lib/router/index.js:346:12)
      at next (node_modules/express/lib/router/index.js:280:10)
      at node_modules/express-rate-limit/dist/index.cjs:999:7
      at node_modules/express-rate-limit/dist/index.cjs:854:5

  console.error
    [ERROR] Error saving finance: [
      {
  API Endpoints
    GET /api/crops
      ÔêÜ returns crops data (193 ms)
    POST /api/crops
      ÔêÜ creates a new crop with valid data (68 ms)
      ÔêÜ rejects crop with missing required fields (33 ms)
        "received": "InvalidType",
        "code": "invalid_enum_value",
        "options": [
          "Revenu",
          "D├®pense"
        ],
        "path": [
          "type"
        ],
        "message": "Invalid enum value. Expected 'Revenu' | 'D├®pense', received 'InvalidType'"
      }
    ] {
      error: '[\n' +
        '  {\n' +
        '    "received": "InvalidType",\n' +
        '    "code": "invalid_enum_value",\n' +
      ÔêÜ rejects crop with empty name (25 ms)
    PUT /api/crops/:id
      ÔêÜ updates an existing crop (28 ms)
      ÔêÜ returns 404 for non-existent crop (17 ms)
    DELETE /api/crops/:id
      ÔêÜ deletes an existing crop (23 ms)
      ÔêÜ returns 200 even for non-existent crop (23 ms)
    GET /api/parcelles
      ÔêÜ returns parcelles data (24 ms)
    POST /api/parcelles
      ÔêÜ creates a new parcelle with valid data (24 ms)
        '    "options": [\n' +
        '      "Revenu",\n' +
        '      "D├®pense"\n' +
        '    ],\n' +
        '    "path": [\n' +
        '      "type"\n' +
        '    ],\n' +
        `    "message": "Invalid enum value. Expected 'Revenu' | 'D├®pense', received 'InvalidType'"\n` +
        '  }\n' +
        ']'
    }
      ÔêÜ rejects parcelle with missing required fields (21 ms)
    GET /api/employees
      ÔêÜ returns employees data (20 ms)
    POST /api/employees
      ÔêÜ creates a new employee with valid data (22 ms)
      ÔêÜ rejects employee with missing required fields (30 ms)
    GET /api/finances
      ÔêÜ returns finances data (29 ms)
    POST /api/finances
      ÔêÜ creates a new finance entry with valid data (29 ms)
      ÔêÜ rejects finance with negative amount (23 ms)
      ÔêÜ rejects finance with invalid type (53 ms)

    [0m [90m 23 |[39m       console[33m.[39merror([32m`[ERROR] ${message}:`[39m[33m,[39m meta)[33m;[39m
     [90m 24 |[39m     } [36melse[39m {
    [31m[1m>[22m[39m[90m 25 |[39m       console[33m.[39merror([32m`%c[ERROR] ${message}: ${errorStr}`[39m[33m,[39m [32m'color: #EF4444; font-weight: bold;'[39m[33m,[39m meta)[33m;[39m
     [90m    |[39m               [31m[1m^[22m[39m
     [90m 26 |[39m     }
     [90m 27 |[39m     
     [90m 28 |[39m     [90m// Store in localStorage for persistence[39m[0m

      at Object.error (js/modules/logger.js:25:15)
      at error (api/index.js:371:12)
    GET /api/weather
      ÔêÜ returns weather data for valid coordinates (21 ms)
      ÔêÜ returns 400 for missing coordinates (12 ms)
    Rate Limiting
      ÔêÜ allows requests within limit (19 ms)

      at Generator.call (api/index.js:2:1)
      at Generator._invoke [as next] (api/index.js:2:1)
      at asyncGeneratorStep (api/index.js:2:1)
      at asyncGeneratorStep (api/index.js:2:1)
      at _next (api/index.js:2:1)
      at api/index.js:2:1
      at apply (api/index.js:374:2)
      at Layer.handle [as handle_request] (node_modules/express/lib/router/layer.js:95:5)
      at next (node_modules/express/lib/router/route.js:149:13)
      at Route.dispatch (node_modules/express/lib/router/route.js:119:3)
      at Layer.handle [as handle_request] (node_modules/express/lib/router/layer.js:95:5)
      at node_modules/express/lib/router/index.js:284:15
      at router.process_params (node_modules/express/lib/router/index.js:346:12)
      at next (node_modules/express/lib/router/index.js:280:10)
      at node_modules/express-rate-limit/dist/index.cjs:999:7
      at node_modules/express-rate-limit/dist/index.cjs:854:5

  console.error
    [ERROR] Firestore read error for crops: Database not initialized { error: 'Database not initialized' }

    [0m [90m 23 |[39m       console[33m.[39merror([32m`[ERROR] ${message}:`[39m[33m,[39m meta)[33m;[39m
     [90m 24 |[39m     } [36melse[39m {
    [31m[1m>[22m[39m[90m 25 |[39m       console[33m.[39merror([32m`%c[ERROR] ${message}: ${errorStr}`[39m[33m,[39m [32m'color: #EF4444; font-weight: bold;'[39m[33m,[39m meta)[33m;[39m
     [90m    |[39m               [31m[1m^[22m[39m
     [90m 26 |[39m     }
     [90m 27 |[39m     
     [90m 28 |[39m     [90m// Store in localStorage for persistence[39m[0m

      at Object.error (js/modules/logger.js:25:15)
      at error (api/index.js:196:12)
      at Generator.call (api/index.js:2:1)
      at Generator._invoke [as next] (api/index.js:2:1)
      at asyncGeneratorStep (api/index.js:2:1)
      at asyncGeneratorStep (api/index.js:2:1)
      at _next (api/index.js:2:1)
      at api/index.js:2:1
Test Suites: 1 failed, 3 passed, 4 total
Tests:       1 failed, 44 passed, 45 total
Snapshots:   0 total
Time:        6.928 s, estimated 9 s
Ran all test suites.
      at apply (api/index.js:187:33)
      at syncWithFirestore (api/index.js:214:65)
      at Generator.call (api/index.js:2:1)
      at Generator._invoke [as next] (api/index.js:2:1)
      at asyncGeneratorStep (api/index.js:2:1)
      at asyncGeneratorStep (api/index.js:2:1)
      at _next (api/index.js:2:1)
      at api/index.js:2:1
      at fn (js/modules/cache.js:93:26)
      at Generator.call (js/modules/cache.js:2:1)
      at Generator._invoke [as next] (js/modules/cache.js:2:1)
      at asyncGeneratorStep (js/modules/cache.js:2:1)
      at asyncGeneratorStep (js/modules/cache.js:2:1)

